2025-11-20 04:45:46.059: [INFO] OnDoneLoading sync enabled: 0
2025-11-20 04:50:34.436: [INFO] OnDoneLoading sync enabled: 0
2025-11-20 04:50:37.279: [INFO] OnDoneLoading sync enabled: 0
2025-11-20 04:51:35.156: [INFO] OnDoneLoading sync enabled: 0
2025-11-20 04:54:15.261: [INFO] OnDoneLoading sync enabled: 0
2025-11-20 05:02:22.411: [INFO] OnDoneLoading sync enabled: 0
2025-11-20 05:07:14.600: [INFO] OnDoneLoading sync enabled: 0
2025-11-24 03:47:16.183: [INFO] OnDoneLoading sync enabled: 0
2025-11-25 04:21:43.335: [INFO] OnDoneLoading sync enabled: 0
2025-11-25 04:21:48.794: [INFO] OnDoneLoading sync enabled: 0
2025-11-25 04:22:56.600: [INFO] OnDoneLoading sync enabled: 0
2025-11-26 07:19:50.279: [INFO] OnDoneLoading sync enabled: 0
2025-11-27 04:22:27.320: [INFO] OnDoneLoading sync enabled: 0
2025-11-27 04:23:11.917: [INFO] OnDoneLoading sync enabled: 0
2025-11-27 08:25:11.871: [INFO] OnDoneLoading sync enabled: 0
2025-11-27 08:34:54.898: [INFO] OnDoneLoading sync enabled: 0
2025-11-28 04:26:20.473: [INFO] OnDoneLoading sync enabled: 0
2025-11-28 04:26:32.179: [INFO] OnDoneLoading sync enabled: 0
2025-11-28 04:28:03.221: [INFO] OnDoneLoading sync enabled: 0
2025-11-28 04:28:13.833: [INFO] OnDoneLoading sync enabled: 0
2025-11-28 04:31:41.603: [INFO] OnDoneLoading sync enabled: 0
2025-12-03 00:09:46.757: [INFO] OnDoneLoading sync enabled: 0
2025-12-03 00:09:52.019: [INFO] OnDoneLoading sync enabled: 0
2025-12-03 00:12:05.348: [INFO] OnDoneLoading sync enabled: 0
2025-12-03 00:13:54.982: [INFO] OnDoneLoading sync enabled: 0
2025-12-03 00:14:14.295: [INFO] OnDoneLoading sync enabled: 0
2025-12-03 04:23:09.350: [INFO] OnDoneLoading sync enabled: 0
2025-12-03 04:24:13.936: [INFO] OnDoneLoading sync enabled: 0
2025-12-12 01:20:48.715: [INFO] OnDoneLoading sync enabled: 0
2025-12-12 04:14:18.684: [INFO] OnDoneLoading sync enabled: 0
2025-12-14 00:51:33.549: [INFO] OnDoneLoading sync enabled: 0
2025-12-14 03:53:13.334: [INFO] OnDoneLoading sync enabled: 0
2025-12-14 08:10:10.607: [INFO] OnDoneLoading sync enabled: 0
2025-12-14 23:17:31.753: [INFO] OnDoneLoading sync enabled: 0
2025-12-15 03:42:28.581: [INFO] OnDoneLoading sync enabled: 0
2025-12-15 07:53:25.441: [INFO] OnDoneLoading sync enabled: 0
2025-12-15 08:15:39.429: [INFO] OnDoneLoading sync enabled: 0
2025-12-15 23:42:09.505: [INFO] OnDoneLoading sync enabled: 0
2025-12-16 04:06:19.563: [INFO] OnDoneLoading sync enabled: 0
2025-12-16 08:16:21.616: [INFO] OnDoneLoading sync enabled: 0
2025-12-16 23:41:56.743: [INFO] OnDoneLoading sync enabled: 0
2025-12-17 04:11:14.387: [INFO] OnDoneLoading sync enabled: 0
2025-12-18 04:25:04.553: [INFO] OnDoneLoading sync enabled: 0
2025-12-19 04:05:40.732: [INFO] OnDoneLoading sync enabled: 0
2025-12-21 00:12:49.089: [INFO] OnDoneLoading sync enabled: 0
2025-12-23 00:43:44.524: [INFO] OnDoneLoading sync enabled: 0
2025-12-25 00:51:07.399: [INFO] OnDoneLoading sync enabled: 0
2025-12-28 02:03:04.246: [INFO] OnDoneLoading sync enabled: 0
2026-01-01 09:11:40.527: [INFO] OnDoneLoading sync enabled: 0
2026-01-04 01:46:39.842: [INFO] OnDoneLoading sync enabled: 0
2026-01-05 02:29:32.777: [INFO] OnDoneLoading sync enabled: 0
2026-01-07 05:28:20.111: [INFO] OnDoneLoading sync enabled: 0
2026-01-08 05:28:04.395: [INFO] OnDoneLoading sync enabled: 0
2026-01-09 05:14:40.863: [INFO] OnDoneLoading sync enabled: 0
2026-01-12 05:25:17.528: [INFO] OnDoneLoading sync enabled: 0
2026-01-13 05:29:02.981: [INFO] OnDoneLoading sync enabled: 0
2026-01-16 05:45:08.341: [INFO] OnDoneLoading sync enabled: 0
2026-01-17 11:31:07.787: [INFO] OnDoneLoading sync enabled: 0
2026-01-17 12:27:47.547: [INFO] OnDoneLoading sync enabled: 0
2026-01-17 12:31:18.468: [INFO] OnDoneLoading sync enabled: 0
2026-01-19 05:03:12.179: [INFO] OnDoneLoading sync enabled: 0
2026-01-19 05:06:20.274: [INFO] OnDoneLoading sync enabled: 0
2026-01-19 05:11:48.955: [INFO] OnDoneLoading sync enabled: 0
2026-01-20 05:02:50.151: [INFO] OnDoneLoading sync enabled: 0
2026-01-20 05:41:33.262: [INFO] OnDoneLoading sync enabled: 0
2026-01-20 06:41:50.918: [INFO] OnDoneLoading sync enabled: 0
2026-01-20 06:42:24.804: [INFO] OnDoneLoading sync enabled: 0
2026-01-20 06:43:26.095: [INFO] OnDoneLoading sync enabled: 0
2026-01-21 05:31:56.093: [INFO] OnDoneLoading sync enabled: 0
2026-01-22 05:35:49.558: [INFO] OnDoneLoading sync enabled: 0
2026-01-23 05:18:05.770: [INFO] OnDoneLoading sync enabled: 0
2026-02-08 23:47:38.144: [INFO] OnDoneLoading sync enabled: 0
2026-02-09 22:54:31.497: [INFO] OnDoneLoading sync enabled: 0
2026-02-20 12:42:10.637: [INFO] OnDoneLoading sync enabled: 0
2026-02-23 18:27:54.385: [INFO] OnDoneLoading sync enabled: 0
2026-02-24 08:55:52.480: [INFO] OnDoneLoading sync enabled: 0
2026-02-26 10:35:44.396: [INFO] OnDoneLoading sync enabled: 0
2026-02-26 12:28:46.477: [INFO] OnDoneLoading sync enabled: 0
2026-02-27 11:34:41.850: [INFO] OnDoneLoading sync enabled: 0
2026-02-28 12:13:56.285: [INFO] OnDoneLoading sync enabled: 0
2026-03-07 11:08:48.750: [INFO] OnDoneLoading sync enabled: 0
2026-03-09 09:09:27.384: [INFO] OnDoneLoading sync enabled: 0
2026-03-10 11:31:13.489: [INFO] OnDoneLoading sync enabled: 0
2026-03-12 09:41:16.939: [INFO] OnDoneLoading sync enabled: 0
2026-03-12 09:41:32.538: [INFO] OnDoneLoading sync enabled: 0
2026-03-12 09:42:37.603: [INFO] OnDoneLoading sync enabled: 0
2026-03-12 09:43:18.999: [INFO] OnDoneLoading sync enabled: 0
2026-03-13 09:11:20.937: [INFO] OnDoneLoading sync enabled: 0
2026-03-13 09:14:26.543: [INFO] OnDoneLoading sync enabled: 0
2026-03-13 09:14:37.128: [INFO] OnDoneLoading sync enabled: 0
2026-03-13 10:33:19.539: [INFO] OnDoneLoading sync enabled: 0
2026-03-13 10:33:36.931: [INFO] OnDoneLoading sync enabled: 0
2026-03-13 10:34:13.501: [INFO] OnDoneLoading sync enabled: 0
2026-03-13 10:44:40.409: [INFO] OnDoneLoading sync enabled: 0
2026-03-13 11:39:55.354: [INFO] OnDoneLoading sync enabled: 0
2026-03-15 17:32:14.344: [INFO] OnDoneLoading sync enabled: 0
2026-03-19 06:38:34.657: [INFO] OnDoneLoading sync enabled: 0
2026-03-19 06:38:38.508: [INFO] OnDoneLoading sync enabled: 0
2026-03-19 06:39:17.933: [INFO] OnDoneLoading sync enabled: 0
2026-03-19 06:39:28.083: [INFO] OnDoneLoading sync enabled: 0
2026-03-19 06:39:53.819: [INFO] OnDoneLoading sync enabled: 0
2026-03-19 06:40:05.926: [INFO] OnDoneLoading sync enabled: 0
2026-03-19 06:40:22.496: [INFO] OnDoneLoading sync enabled: 0
2026-03-19 06:40:42.276: [INFO] OnDoneLoading sync enabled: 0
2026-03-19 06:43:46.020: [INFO] OnDoneLoading sync enabled: 0
2026-03-19 07:12:21.319: [INFO] OnDoneLoading sync enabled: 0
2026-03-19 07:13:21.319: [INFO] OnDoneLoading sync enabled: 0
2026-03-19 07:13:56.207: [INFO] OnDoneLoading sync enabled: 0
2026-03-19 07:18:49.694: [INFO] OnDoneLoading sync enabled: 0
2026-03-19 07:40:03.515: [INFO] OnDoneLoading sync enabled: 0
2026-03-19 09:42:07.484: [INFO] OnDoneLoading sync enabled: 0
2026-03-20 11:48:46.093: [INFO] OnDoneLoading sync enabled: 0
2026-03-21 17:44:15.731: [INFO] OnDoneLoading sync enabled: 0
2026-03-21 17:47:52.951: [INFO] OnDoneLoading sync enabled: 0
2026-03-21 17:53:04.893: [INFO] OnDoneLoading sync enabled: 0
2026-03-21 17:53:18.681: [INFO] OnDoneLoading sync enabled: 0
2026-04-04 06:55:34.416: [INFO] OnDoneLoading sync enabled: 0
2026-05-17 08:01:10.786: [INFO] OnDoneLoading sync enabled: 0
2026-05-18 06:56:37.081: [INFO] OnDoneLoading sync enabled: 0
2026-05-18 06:59:26.444: [INFO] OnDoneLoading sync enabled: 0
2026-06-08 09:34:20.195: [INFO] OnDoneLoading sync enabled: 0
2026-06-08 09:40:31.248: [INFO] OnDoneLoading sync enabled: 0
2026-06-12 10:42:13.033: [INFO] OnDoneLoading sync enabled: 0
2026-06-12 10:49:12.551: [INFO] OnDoneLoading sync enabled: 0
2026-06-29 09:23:28.056: [INFO] OnDoneLoading sync enabled: 0
2026-08-18 09:03:42.084: [INFO] CurrentProfilePath: D:\JAVA\Kodewala\27-oct\.metadata\.plugins\org.eclipse.swt\EBWebView\Default
2026-08-18 09:03:42.084: [INFO] Profiles total count: 1
2026-08-18 09:03:42.086: [INFO] Profile: name=Profile 1 path=D:\JAVA\Kodewala\27-oct\.metadata\.plugins\org.eclipse.swt\EBWebView\Default lastActive=2026-05-18T07:18:13.272Z
2026-08-18 09:03:42.086: [INFO] LastUsedProfileDir: D:\JAVA\Kodewala\27-oct\.metadata\.plugins\org.eclipse.swt\EBWebView\Default
2026-08-18 09:03:42.086: [INFO] MostRecentlyActiveProfile: name=Profile 1 path=D:\JAVA\Kodewala\27-oct\.metadata\.plugins\org.eclipse.swt\EBWebView\Default lastActive=2026-05-18T07:18:13.272Z
2026-08-18 09:03:42.086: [INFO] OnDoneLoading sync enabled: 0
2026-08-18 09:03:42.086: [INFO] BookmarkModelLoaded, ids_reassigned: 0
2026-08-18 09:03:42.086: [INFO] BookmarksLoadDropped droppedNodes=0
2026-08-18 09:03:42.086: [INFO] BookmarksSnapshot Startup total=0 bar=0 other=0 mobile=0 showBar=0 showBarNTP=1
2026-08-18 12:24:57.126: [INFO] BookmarksSnapshot Shutdown total=0 bar=0 other=0 mobile=0 showBar=0 showBarNTP=1
2026-08-19 09:23:11.009: [INFO] CurrentProfilePath: D:\JAVA\Kodewala\27-oct\.metadata\.plugins\org.eclipse.swt\EBWebView\Default
2026-08-19 09:23:11.009: [INFO] Profiles total count: 1
2026-08-19 09:23:11.011: [INFO] Profile: name=Profile 1 path=D:\JAVA\Kodewala\27-oct\.metadata\.plugins\org.eclipse.swt\EBWebView\Default lastActive=2026-05-18T07:18:13.272Z
2026-08-19 09:23:11.011: [INFO] LastUsedProfileDir: D:\JAVA\Kodewala\27-oct\.metadata\.plugins\org.eclipse.swt\EBWebView\Default
2026-08-19 09:23:11.011: [INFO] MostRecentlyActiveProfile: name=Profile 1 path=D:\JAVA\Kodewala\27-oct\.metadata\.plugins\org.eclipse.swt\EBWebView\Default lastActive=2026-05-18T07:18:13.272Z
2026-08-19 09:23:11.011: [INFO] OnDoneLoading sync enabled: 0
2026-08-19 09:23:11.011: [INFO] BookmarkModelLoaded, ids_reassigned: 0
2026-08-19 09:23:11.011: [INFO] BookmarksLoadDropped droppedNodes=0
2026-08-19 09:23:11.011: [INFO] BookmarksSnapshot Startup total=0 bar=0 other=0 mobile=0 showBar=0 showBarNTP=1
2026-08-19 10:46:48.604: [INFO] BookmarksSnapshot Shutdown total=0 bar=0 other=0 mobile=0 showBar=0 showBarNTP=1
2026-09-01 18:11:48.908: [INFO] CurrentProfilePath: D:\JAVA\Kodewala\27-oct\.metadata\.plugins\org.eclipse.swt\EBWebView\Default
2026-09-01 18:11:48.908: [INFO] Profiles total count: 1
2026-09-01 18:11:48.910: [INFO] Profile: name=Profile 1 path=D:\JAVA\Kodewala\27-oct\.metadata\.plugins\org.eclipse.swt\EBWebView\Default lastActive=2026-05-18T07:18:13.272Z
2026-09-01 18:11:48.910: [INFO] LastUsedProfileDir: D:\JAVA\Kodewala\27-oct\.metadata\.plugins\org.eclipse.swt\EBWebView\Default
2026-09-01 18:11:48.910: [INFO] MostRecentlyActiveProfile: name=Profile 1 path=D:\JAVA\Kodewala\27-oct\.metadata\.plugins\org.eclipse.swt\EBWebView\Default lastActive=2026-05-18T07:18:13.272Z
2026-09-01 18:11:48.910: [INFO] OnDoneLoading sync enabled: 0
2026-09-01 18:11:48.910: [INFO] BookmarkModelLoaded, ids_reassigned: 0
2026-09-01 18:11:48.910: [INFO] BookmarksLoadDropped droppedNodes=0
2026-09-01 18:11:48.910: [INFO] BookmarksSnapshot Startup total=0 bar=0 other=0 mobile=0 showBar=0 showBarNTP=1
2026-09-01 18:11:56.342: [INFO] BookmarksSnapshot Shutdown total=0 bar=0 other=0 mobile=0 showBar=0 showBarNTP=1
2026-09-01 18:30:07.004: [INFO] CurrentProfilePath: D:\JAVA\Kodewala\27-oct\.metadata\.plugins\org.eclipse.swt\EBWebView\Default
2026-09-01 18:30:07.004: [INFO] Profiles total count: 1
2026-09-01 18:30:07.008: [INFO] Profile: name=Profile 1 path=D:\JAVA\Kodewala\27-oct\.metadata\.plugins\org.eclipse.swt\EBWebView\Default lastActive=2026-05-18T07:18:13.272Z
2026-09-01 18:30:07.008: [INFO] LastUsedProfileDir: D:\JAVA\Kodewala\27-oct\.metadata\.plugins\org.eclipse.swt\EBWebView\Default
2026-09-01 18:30:07.008: [INFO] MostRecentlyActiveProfile: name=Profile 1 path=D:\JAVA\Kodewala\27-oct\.metadata\.plugins\org.eclipse.swt\EBWebView\Default lastActive=2026-05-18T07:18:13.272Z
2026-09-01 18:30:07.008: [INFO] OnDoneLoading sync enabled: 0
2026-09-01 18:30:07.008: [INFO] BookmarkModelLoaded, ids_reassigned: 0
2026-09-01 18:30:07.008: [INFO] BookmarksLoadDropped droppedNodes=0
2026-09-01 18:30:07.008: [INFO] BookmarksSnapshot Startup total=0 bar=0 other=0 mobile=0 showBar=0 showBarNTP=1
2026-09-01 18:40:06.597: [INFO] BookmarksSnapshot Shutdown total=0 bar=0 other=0 mobile=0 showBar=0 showBarNTP=1
